
Discarded input sections

 .group         0x00000000        0xc C:\Users\nickw\AppData\Local\Temp\ccWyT6yQ.o
 .group         0x00000000        0xc C:\Users\nickw\AppData\Local\Temp\ccWyT6yQ.o
 .group         0x00000000        0xc C:\Users\nickw\AppData\Local\Temp\ccWyT6yQ.o
 .group         0x00000000        0xc C:\Users\nickw\AppData\Local\Temp\ccWyT6yQ.o
 .group         0x00000000        0xc C:\Users\nickw\AppData\Local\Temp\ccWyT6yQ.o
 .group         0x00000000        0xc C:\Users\nickw\AppData\Local\Temp\ccWyT6yQ.o
 .group         0x00000000        0xc C:\Users\nickw\AppData\Local\Temp\ccWyT6yQ.o
 .group         0x00000000        0xc C:\Users\nickw\AppData\Local\Temp\ccWyT6yQ.o
 .text          0x00000000        0x0 C:\Users\nickw\AppData\Local\Temp\ccWyT6yQ.o
 .data          0x00000000        0x0 C:\Users\nickw\AppData\Local\Temp\ccWyT6yQ.o
 .bss           0x00000000        0x0 C:\Users\nickw\AppData\Local\Temp\ccWyT6yQ.o
 .group         0x00000000        0xc C:\Users\nickw\AppData\Local\Temp\ccaLyEtf.o
 .group         0x00000000        0xc C:\Users\nickw\AppData\Local\Temp\ccaLyEtf.o
 .group         0x00000000        0xc C:\Users\nickw\AppData\Local\Temp\ccaLyEtf.o
 .group         0x00000000        0xc C:\Users\nickw\AppData\Local\Temp\ccaLyEtf.o
 .group         0x00000000        0xc C:\Users\nickw\AppData\Local\Temp\ccaLyEtf.o
 .group         0x00000000        0xc C:\Users\nickw\AppData\Local\Temp\ccaLyEtf.o
 .group         0x00000000        0xc C:\Users\nickw\AppData\Local\Temp\ccaLyEtf.o
 .group         0x00000000        0xc C:\Users\nickw\AppData\Local\Temp\ccaLyEtf.o
 .group         0x00000000        0xc C:\Users\nickw\AppData\Local\Temp\ccaLyEtf.o
 .text          0x00000000        0x0 C:\Users\nickw\AppData\Local\Temp\ccaLyEtf.o
 .data          0x00000000        0x0 C:\Users\nickw\AppData\Local\Temp\ccaLyEtf.o
 .bss           0x00000000        0x0 C:\Users\nickw\AppData\Local\Temp\ccaLyEtf.o
 .debug_macro   0x00000000      0xacc C:\Users\nickw\AppData\Local\Temp\ccaLyEtf.o
 .debug_macro   0x00000000       0x22 C:\Users\nickw\AppData\Local\Temp\ccaLyEtf.o
 .debug_macro   0x00000000       0x8e C:\Users\nickw\AppData\Local\Temp\ccaLyEtf.o
 .debug_macro   0x00000000       0x51 C:\Users\nickw\AppData\Local\Temp\ccaLyEtf.o
 .debug_macro   0x00000000      0x103 C:\Users\nickw\AppData\Local\Temp\ccaLyEtf.o
 .debug_macro   0x00000000       0x6a C:\Users\nickw\AppData\Local\Temp\ccaLyEtf.o
 .debug_macro   0x00000000      0x1df C:\Users\nickw\AppData\Local\Temp\ccaLyEtf.o
 .group         0x00000000        0xc C:\Users\nickw\AppData\Local\Temp\ccaSshLG.o
 .group         0x00000000        0xc C:\Users\nickw\AppData\Local\Temp\ccaSshLG.o
 .group         0x00000000        0xc C:\Users\nickw\AppData\Local\Temp\ccaSshLG.o
 .group         0x00000000        0xc C:\Users\nickw\AppData\Local\Temp\ccaSshLG.o
 .group         0x00000000        0xc C:\Users\nickw\AppData\Local\Temp\ccaSshLG.o
 .group         0x00000000        0xc C:\Users\nickw\AppData\Local\Temp\ccaSshLG.o
 .group         0x00000000        0xc C:\Users\nickw\AppData\Local\Temp\ccaSshLG.o
 .group         0x00000000        0xc C:\Users\nickw\AppData\Local\Temp\ccaSshLG.o
 .group         0x00000000        0xc C:\Users\nickw\AppData\Local\Temp\ccaSshLG.o
 .text          0x00000000        0x0 C:\Users\nickw\AppData\Local\Temp\ccaSshLG.o
 .data          0x00000000        0x0 C:\Users\nickw\AppData\Local\Temp\ccaSshLG.o
 .bss           0x00000000        0x0 C:\Users\nickw\AppData\Local\Temp\ccaSshLG.o
 .debug_macro   0x00000000      0xacc C:\Users\nickw\AppData\Local\Temp\ccaSshLG.o
 .debug_macro   0x00000000       0x22 C:\Users\nickw\AppData\Local\Temp\ccaSshLG.o
 .debug_macro   0x00000000       0x8e C:\Users\nickw\AppData\Local\Temp\ccaSshLG.o
 .debug_macro   0x00000000       0x51 C:\Users\nickw\AppData\Local\Temp\ccaSshLG.o
 .debug_macro   0x00000000      0x103 C:\Users\nickw\AppData\Local\Temp\ccaSshLG.o
 .debug_macro   0x00000000       0x6a C:\Users\nickw\AppData\Local\Temp\ccaSshLG.o
 .debug_macro   0x00000000      0x1df C:\Users\nickw\AppData\Local\Temp\ccaSshLG.o
 .debug_macro   0x00000000       0x16 C:\Users\nickw\AppData\Local\Temp\ccaSshLG.o
 .debug_macro   0x00000000       0x9a C:\Users\nickw\AppData\Local\Temp\ccaSshLG.o

Memory Configuration

Name             Origin             Length             Attributes
flash            0x08000000         0x08000000         xr
sram             0x20000000         0x0001c000         xrw
*default*        0x00000000         0xffffffff

Linker script and memory map

LOAD C:\Users\nickw\AppData\Local\Temp\ccWyT6yQ.o
LOAD C:\Users\nickw\AppData\Local\Temp\ccaLyEtf.o
LOAD C:\Users\nickw\AppData\Local\Temp\ccaSshLG.o
LOAD C:/toolchain_arm-none-eabi_14.3.rel1/bin/../lib/gcc/arm-none-eabi/14.3.1/../../../../arm-none-eabi/lib/thumb/v7e-m+fp/hard\libc_nano.a
LOAD C:/toolchain_arm-none-eabi_14.3.rel1/bin/../lib/gcc/arm-none-eabi/14.3.1/thumb/v7e-m+fp/hard\libgcc.a
                0x2001c000                        _estack = (ORIGIN (sram) + LENGTH (sram))

.vectortable    0x08000000      0x1ac
 *(.vectortable)
 .vectortable   0x08000000      0x1ac C:\Users\nickw\AppData\Local\Temp\ccaSshLG.o
                0x08000000                vector_table

.text           0x080001ac       0xdc
 *(.text*)
 .text.GPIO_Set_Mode
                0x080001ac       0x42 C:\Users\nickw\AppData\Local\Temp\ccWyT6yQ.o
                0x080001ac                GPIO_Set_Mode
 .text.GPIO_Write
                0x080001ee        0xa C:\Users\nickw\AppData\Local\Temp\ccWyT6yQ.o
                0x080001ee                GPIO_Write
 .text.startup.main
                0x080001f8       0x50 C:\Users\nickw\AppData\Local\Temp\ccaLyEtf.o
                0x080001f8                main
 .text.Reset_Handler
                0x08000248       0x40 C:\Users\nickw\AppData\Local\Temp\ccaSshLG.o
                0x08000248                Reset_Handler

.glue_7         0x08000288        0x0
 .glue_7        0x08000288        0x0 linker stubs

.glue_7t        0x08000288        0x0
 .glue_7t       0x08000288        0x0 linker stubs

.vfp11_veneer   0x08000288        0x0
 .vfp11_veneer  0x08000288        0x0 linker stubs

.v4_bx          0x08000288        0x0
 .v4_bx         0x08000288        0x0 linker stubs

.iplt           0x08000288        0x0
 .iplt          0x08000288        0x0 C:\Users\nickw\AppData\Local\Temp\ccaLyEtf.o

.rel.dyn        0x08000288        0x0
 .rel.iplt      0x08000288        0x0 C:\Users\nickw\AppData\Local\Temp\ccaLyEtf.o

.rodata
 *(.rodata*)

.data           0x20000000        0x0 load address 0x08000288
                0x20000000                        _data_start = .
 *(.first_data)
 *(.data SORT_BY_NAME(.data.*))
                0x20000000                        _data_end = .
                0x08000288                        _data_LMA = LOADADDR (.data)

.igot.plt       0x20000000        0x0 load address 0x08000288
 .igot.plt      0x20000000        0x0 C:\Users\nickw\AppData\Local\Temp\ccaLyEtf.o

.bss            0x20000000        0x0 load address 0x08000288
                0x20000000                        _bss_start = .
 *(.bss SORT_BY_NAME(.bss.*) COMMON)
                0x20000000                        _bss_end = .
                0x20000000                        . = ALIGN (0x8)
OUTPUT(firmware.elf elf32-littlearm)
LOAD linker stubs

.debug_info     0x00000000      0x7f7
 .debug_info    0x00000000      0x243 C:\Users\nickw\AppData\Local\Temp\ccWyT6yQ.o
 .debug_info    0x00000243      0x45a C:\Users\nickw\AppData\Local\Temp\ccaLyEtf.o
 .debug_info    0x0000069d      0x15a C:\Users\nickw\AppData\Local\Temp\ccaSshLG.o

.debug_abbrev   0x00000000      0x3b4
 .debug_abbrev  0x00000000      0x150 C:\Users\nickw\AppData\Local\Temp\ccWyT6yQ.o
 .debug_abbrev  0x00000150      0x164 C:\Users\nickw\AppData\Local\Temp\ccaLyEtf.o
 .debug_abbrev  0x000002b4      0x100 C:\Users\nickw\AppData\Local\Temp\ccaSshLG.o

.debug_loclists
                0x00000000      0x16e
 .debug_loclists
                0x00000000       0xc3 C:\Users\nickw\AppData\Local\Temp\ccWyT6yQ.o
 .debug_loclists
                0x000000c3       0x3a C:\Users\nickw\AppData\Local\Temp\ccaLyEtf.o
 .debug_loclists
                0x000000fd       0x71 C:\Users\nickw\AppData\Local\Temp\ccaSshLG.o

.debug_aranges  0x00000000       0x68
 .debug_aranges
                0x00000000       0x28 C:\Users\nickw\AppData\Local\Temp\ccWyT6yQ.o
 .debug_aranges
                0x00000028       0x20 C:\Users\nickw\AppData\Local\Temp\ccaLyEtf.o
 .debug_aranges
                0x00000048       0x20 C:\Users\nickw\AppData\Local\Temp\ccaSshLG.o

.debug_rnglists
                0x00000000       0x72
 .debug_rnglists
                0x00000000       0x28 C:\Users\nickw\AppData\Local\Temp\ccWyT6yQ.o
 .debug_rnglists
                0x00000028       0x1f C:\Users\nickw\AppData\Local\Temp\ccaLyEtf.o
 .debug_rnglists
                0x00000047       0x2b C:\Users\nickw\AppData\Local\Temp\ccaSshLG.o

.debug_macro    0x00000000     0x11d9
 .debug_macro   0x00000000       0x72 C:\Users\nickw\AppData\Local\Temp\ccWyT6yQ.o
 .debug_macro   0x00000072      0xacc C:\Users\nickw\AppData\Local\Temp\ccWyT6yQ.o
 .debug_macro   0x00000b3e       0x22 C:\Users\nickw\AppData\Local\Temp\ccWyT6yQ.o
 .debug_macro   0x00000b60       0x8e C:\Users\nickw\AppData\Local\Temp\ccWyT6yQ.o
 .debug_macro   0x00000bee       0x51 C:\Users\nickw\AppData\Local\Temp\ccWyT6yQ.o
 .debug_macro   0x00000c3f      0x103 C:\Users\nickw\AppData\Local\Temp\ccWyT6yQ.o
 .debug_macro   0x00000d42       0x6a C:\Users\nickw\AppData\Local\Temp\ccWyT6yQ.o
 .debug_macro   0x00000dac      0x1df C:\Users\nickw\AppData\Local\Temp\ccWyT6yQ.o
 .debug_macro   0x00000f8b       0x94 C:\Users\nickw\AppData\Local\Temp\ccWyT6yQ.o
 .debug_macro   0x0000101f       0x85 C:\Users\nickw\AppData\Local\Temp\ccaLyEtf.o
 .debug_macro   0x000010a4       0x16 C:\Users\nickw\AppData\Local\Temp\ccaLyEtf.o
 .debug_macro   0x000010ba       0x9a C:\Users\nickw\AppData\Local\Temp\ccaLyEtf.o
 .debug_macro   0x00001154       0x85 C:\Users\nickw\AppData\Local\Temp\ccaSshLG.o

.debug_line     0x00000000      0x6e3
 .debug_line    0x00000000      0x24b C:\Users\nickw\AppData\Local\Temp\ccWyT6yQ.o
 .debug_line    0x0000024b      0x24f C:\Users\nickw\AppData\Local\Temp\ccaLyEtf.o
 .debug_line    0x0000049a      0x249 C:\Users\nickw\AppData\Local\Temp\ccaSshLG.o

.debug_str      0x00000000     0x413b
 .debug_str     0x00000000     0x413b C:\Users\nickw\AppData\Local\Temp\ccWyT6yQ.o
                               0x408a (size before relaxing)
 .debug_str     0x0000413b     0x421e C:\Users\nickw\AppData\Local\Temp\ccaLyEtf.o
 .debug_str     0x0000413b     0x4065 C:\Users\nickw\AppData\Local\Temp\ccaSshLG.o

.comment        0x00000000       0x46
 .comment       0x00000000       0x46 C:\Users\nickw\AppData\Local\Temp\ccWyT6yQ.o
                                 0x47 (size before relaxing)
 .comment       0x00000046       0x47 C:\Users\nickw\AppData\Local\Temp\ccaLyEtf.o
 .comment       0x00000046       0x47 C:\Users\nickw\AppData\Local\Temp\ccaSshLG.o

.ARM.attributes
                0x00000000       0x34
 .ARM.attributes
                0x00000000       0x34 C:\Users\nickw\AppData\Local\Temp\ccWyT6yQ.o
 .ARM.attributes
                0x00000034       0x34 C:\Users\nickw\AppData\Local\Temp\ccaLyEtf.o
 .ARM.attributes
                0x00000068       0x34 C:\Users\nickw\AppData\Local\Temp\ccaSshLG.o

.debug_frame    0x00000000       0x84
 .debug_frame   0x00000000       0x3c C:\Users\nickw\AppData\Local\Temp\ccWyT6yQ.o
 .debug_frame   0x0000003c       0x28 C:\Users\nickw\AppData\Local\Temp\ccaLyEtf.o
 .debug_frame   0x00000064       0x20 C:\Users\nickw\AppData\Local\Temp\ccaSshLG.o
